// Jest Snapshot v1, https://goo.gl/fbAQLP

exports[`Testing EntryView entry should be showed correctly 1`] = `
<div class="entry-title d-flex justify-content-between p-2">
  <div><span class="text-success fs-3 fw-bold">18</span><span class="mx-1 fs-3">Juliol</span><span class="mx-2 fs-4 fw-light">2021, Diumenge</span></div><input type="file" accept="image/png, image/jpg" style="display: none;">
  <div><button class="btn btn-danger mx-2"> Esborrar <i class="fa fa-trash-all"></i></button><button class="btn btn-primary"> Pujar fotografia <i class="fa fa-upload"></i></button></div>
</div>
<hr>
<div class="d-flex flex-column px-3 h-75"><textarea placeholder="QuÃ¨ ha passat avui?"></textarea></div>
<img src="https://res.cloudinary.com/dqkxcuput/image/upload/v1697048344/wibhrg2otqmhoqdcg3kc.jpg" alt="entry-picture" class="img-thumbnail">
<!--v-if-->
<fab-new-stub icon="fa-save"></fab-new-stub>
`;
