// Jest Snapshot v1, https://goo.gl/fbAQLP

exports[`proves a l'About View Renderitza correctament el component 1`] = `
<div class="about">
  <h1>This is an about page</h1>
</div>
`;
