// Jest Snapshot v1, https://goo.gl/fbAQLP

exports[`proves al Home View Renderitza correctament el component 1`] = `
<div class="home"><img alt="Vue logo" src=""></div>
<h1>Hola, m√≥n!</h1>
<button class="btn btn-primary">Primary</button>
<button class="btn btn-secondary">Secondary</button>
<button class="btn btn-success">Success</button>
`;
